{
'Doag-Forms-extracted:demo0005:TIMEOUTPJC_TEST/TIMEOUTPJC_TEST/WHEN-NEW-FORM-INSTANCE.tgg':[
3,
],
}
