{
'utPLSQL3:source/api/ut.pkb':[
193,
],
'utPLSQL3:source/api/ut_runner.pkb':[
136,
],
'utPLSQL3:source/check_sys_grants.sql':[
15,
],
'utPLSQL3:source/core/annotations/ut_annotation_cache.sql':[
24,
],
'utPLSQL3:source/core/annotations/ut_annotation_cache_info.sql':[
22,
],
'utPLSQL3:source/core/annotations/ut_annotation_cache_manager.pkb':[
94,
],
'utPLSQL3:source/core/annotations/ut_annotation_manager.pkb':[
91,
],
'utPLSQL3:source/core/annotations/ut_annotation_parser.pkb':[
219,
],
'utPLSQL3:source/core/coverage/dbms_plssqlcode.sql':[
2,
],
'utPLSQL3:source/core/coverage/ut_coverage.pkb':[
158,
],
'utPLSQL3:source/core/coverage/ut_coverage_sources_tmp.sql':[
24,
],
'utPLSQL3:source/core/output_buffers/ut_output_buffer_info_tmp.sql':[
23,
],
'utPLSQL3:source/core/output_buffers/ut_output_buffer_tmp.sql':[
27,
],
'utPLSQL3:source/core/ut_expectation_processor.pkb':[
156,
],
'utPLSQL3:source/core/ut_metadata.pkb':[
136,
],
'utPLSQL3:source/core/ut_suite_builder.pkb':[
501,
],
'utPLSQL3:source/core/ut_suite_manager.pkb':[
285,
],
'utPLSQL3:source/core/ut_utils.pkb':[
72,
],
'utPLSQL3:source/create_synonyms_and_grants_for_public.sql':[
94,
],
'utPLSQL3:source/create_user_grants.sql':[
37,
],
'utPLSQL3:source/create_user_synonyms.sql':[
37,
],
'utPLSQL3:source/create_utplsql_owner.sql':[
30,
],
'utPLSQL3:source/define_ut3_owner_param.sql':[
49,
],
'utPLSQL3:source/expectations/data_values/ut_compound_data_helper.pkb':[
28,
],
'utPLSQL3:source/reporters/ut_teamcity_reporter_helper.pkb':[
47,
],
}
