{
'demo0004:V$LOCK/V$LOCK__POST-QUERY.tgg':[
19,
],
}
