{
'Doag-Forms-extracted:demo0017:POC_ACCOUNT/POC_ACCOUNT/WHEN-NEW-FORM-INSTANCE.tgg':[
40,
],
}
