{
'demo0001:CLIENT_GETENV.pcd':[
1,
],
'demo0001:CLIENT_READIMAGE.pcd':[
1,
],
'demo0001:CLIENT_TEXTIO.pcd':[
1,
],
'demo0001:DOWNLOAD_AS.pcd':[
1,
],
'demo0001:DOWNLOAD_DB.pcd':[
1,
],
'demo0001:FILES_WBP.pcd':[
1,
],
'demo0001:F_GET_TIMER_VALUE.fun':[
3,
],
'demo0001:GET_APPLET_PARAMETERS.pcd':[
1,
],
'demo0001:GET_CLIENTINFO.pcd':[
1,
],
'demo0001:GET_CLIENT_FILENAME.pcd':[
1,
],
'demo0001:SEPARATE_FRAME_OPTIONS.pcd':[
1,
],
'demo0001:SET_BROWSER_MESSAGE.pcd':[
1,
],
'demo0001:UPLOAD_AS.pcd':[
1,
],
'demo0001:UPLOAD_DB.pcd':[
1,
],
}
