{
'Doag-Forms-extracted:demo0018:TEST/TEST/TEST__BUTTON1__WHEN-BUTTON-PRESSED.tgg':[
2,
],
}
