{
'Doag-Forms-extracted:demo0008:LATENCY_TEST/P_WHEN_NEW_FORM_INSTANCE.pcd':[
13,
14,
15,
30,
50,
70,
90,
],
}
