{
'Doag-Forms-extracted:demo0011:WEBUTIL_DEMO/BUILTINS/BUILTINS__READ_IMAGE__WHEN-BUTTON-PRESSED.tgg':[
5,
],
}
