{
'project:pljson/examples/ex13.sql':[
25,
],
'project:pljson/examples/ex_pljson_table.sql':[
39,
],
'project:pljson/install.sql':[
8,
],
'project:pljson/src/addons/json_util_pkg.sql':[
73,
],
'project:pljson/src/addons/pljson_table_impl.typ':[
2,
],
'project:pljson/src/addons/pljson_table_impl_body.typ':[
2,
],
'project:pljson/src/grantsandsynonyms.sql':[
3,
],
'project:pljson/src/json.typ':[
1,
],
'project:pljson/src/json_body.typ':[
22,
],
'project:pljson/src/json_list.typ':[
1,
],
'project:pljson/src/json_list_body.typ':[
23,
],
'project:pljson/src/json_value.typ':[
2,
],
'project:pljson/src/json_value_body.typ':[
3,
],
'project:pljson/testsuite/testall.sql':[
49,
],
}
