{
'Doag-Forms-extracted:demo0016:CHK_CBOX3/C/C__CBOX__KEY-NEXT-ITEM.tgg':[
12,
],
'Doag-Forms-extracted:demo0016:CHK_CBOX3/CHK_CBOX3/WHEN-TIMER-EXPIRED.tgg':[
2,
],
'Doag-Forms-extracted:demo0016:CHK_CBOX3/PKG_CBOX.pkb':[
65,
],
}
